package com.google.common.truth.extension.generator.testModel;

import com.google.common.truth.extension.generator.testModel.MyEmployeeParentSubject;
import com.google.common.truth.FailureMetadata;
import javax.annotation.processing.Generated;

/**
 * Optionally move this class into source control, and add your custom
 * assertions here.
 *
 * <p>
 * If the system detects this class already exists, it won't attempt to generate
 * a new one. Note that if the base skeleton of this class ever changes, you
 * won't automatically get it updated.
 *
 * @see MyEmployeeParentSubject
 */
@Generated("truth-generator")
public class MyEmployeeSubject extends MyEmployeeParentSubject {

	protected MyEmployeeSubject(FailureMetadata failureMetadata,
			com.google.common.truth.extension.generator.testModel.MyEmployee actual) {
		super(failureMetadata, actual);
	}

	/**
	 * Returns an assertion builder for a {@link MyEmployee} class.
	 */
	public static Factory<MyEmployeeSubject, MyEmployee> myEmployees() {
		return MyEmployeeSubject::new;
	}
}
