package io.stubbs.truth.generator.testModel;
import com.google.common.truth.Subject;
import javax.annotation.processing.Generated;
import com.google.common.truth.FailureMetadata;
import java.time.ZonedDateTime;
import static io.stubbs.truth.generator.internal.autoShaded.java.time.ZonedDateTimeSubject.zonedDateTimes;
import static io.stubbs.truth.generator.internal.autoShaded.java.time.ZonedDateTimeSubject.zonedDateTimes;
import static com.google.common.truth.Fact.*;
import com.google.common.truth.IntegerSubject;
import io.stubbs.truth.generator.internal.autoShaded.java.time.ZonedDateTimeSubject;
import static io.stubbs.truth.generator.testModel.MyEmployeeSubject.myEmployees;
import io.stubbs.truth.generator.testModel.MyEmployeeSubject;
import static io.stubbs.truth.generator.testModel.IdCardSubject.idCards;
import io.stubbs.truth.generator.testModel.IdCardSubject;
import io.stubbs.truth.generator.testModel.MyEmployee.State;
import static io.stubbs.truth.generator.testModel.StateSubject.states;
import io.stubbs.truth.generator.testModel.StateSubject;
import java.util.UUID;
import static io.stubbs.truth.generator.internal.autoShaded.java.util.UUIDSubject.uUIDs;
import io.stubbs.truth.generator.internal.autoShaded.java.util.UUIDSubject;
import com.google.common.truth.ObjectArraySubject;
import static io.stubbs.truth.generator.internal.MyStringSubject.strings;
import static io.stubbs.truth.generator.internal.MyStringSubject.strings;
import java.util.List;
import com.google.common.truth.IterableSubject;
import java.util.Map;
import static io.stubbs.truth.generator.internal.MyMapSubject.maps;
import io.stubbs.truth.generator.internal.MyMapSubject;
import com.google.common.truth.LongSubject;
import java.util.Optional;
import static io.stubbs.truth.generator.internal.autoShaded.java.util.OptionalSubject.optionals;
import io.stubbs.truth.generator.internal.autoShaded.java.util.OptionalSubject;
import io.stubbs.truth.generator.internal.MyStringSubject;
import com.google.common.truth.BooleanSubject;
import static io.stubbs.truth.generator.testModel.PersonSubject.persons;
import io.stubbs.truth.generator.testModel.PersonSubject;
/**
 * Truth Subject for the {@link MyEmployee}.
 *
 * Note that this class is generated / managed, and will change over time. So
 * any changes you might make will be overwritten.
 *
 * @see MyEmployee
 * @see MyEmployeeSubject
 * @see MyEmployeeChildSubject
 */
@Generated("truth-generator")
public class MyEmployeeParentSubject extends Subject {
	protected final MyEmployee actual;
	protected MyEmployeeParentSubject(FailureMetadata failureMetadata,
			io.stubbs.truth.generator.testModel.MyEmployee actual) {
		super(failureMetadata, actual);
		this.actual = actual;
	}
	/**
	 * Simple check for equality for all fields.
	 */
	public void hasAnniversaryNotEqualTo(ZonedDateTime expected) {
		if (!(actual.getAnniversary().equals(expected))) {
			failWithActual(fact("expected Anniversary NOT to be equal to", expected));
		}
	}
	/**
	 * Simple check for equality for all fields.
	 */
	public void hasAnniversaryEqualTo(java.time.ZonedDateTime expected) {
		if ((actual.getAnniversary().equals(expected))) {
			failWithActual(fact("expected Anniversary to be equal to", expected));
		}
	}
	/**
	 * Returns the Subject for the given field type, so you can chain on other
	 * assertions.
	 */
	public ZonedDateTimeSubject hasAnniversary() {
		isNotNull();
		return check("getAnniversary()").about(zonedDateTimes()).that(actual.getAnniversary());
	}
	/**
	 * Simple check for equality for all fields.
	 */
	public void hasBirthYearNotEqualTo(int expected) {
		if (!(actual.getBirthYear() == expected)) {
			failWithActual(fact("expected BirthYear NOT to be equal to", expected));
		}
	}
	/**
	 * Simple check for equality for all fields.
	 */
	public void hasBirthYearEqualTo(int expected) {
		if ((actual.getBirthYear() == expected)) {
			failWithActual(fact("expected BirthYear to be equal to", expected));
		}
	}
	/**
	 * Returns the Subject for the given field type, so you can chain on other
	 * assertions.
	 */
	public IntegerSubject hasBirthYear() {
		isNotNull();
		return check("getBirthYear()").that(actual.getBirthYear());
	}
	/**
	 * Simple check for equality for all fields.
	 */
	public void hasBirthdayNotEqualTo(java.time.ZonedDateTime expected) {
		if (!(actual.getBirthday().equals(expected))) {
			failWithActual(fact("expected Birthday NOT to be equal to", expected));
		}
	}
	/**
	 * Simple check for equality for all fields.
	 */
	public void hasBirthdayEqualTo(java.time.ZonedDateTime expected) {
		if ((actual.getBirthday().equals(expected))) {
			failWithActual(fact("expected Birthday to be equal to", expected));
		}
	}
	/**
	 * Returns the Subject for the given field type, so you can chain on other
	 * assertions.
	 */
	public ZonedDateTimeSubject hasBirthday() {
		isNotNull();
		return check("getBirthday()").about(zonedDateTimes()).that(actual.getBirthday());
	}
	/**
	 * Simple check for equality for all fields.
	 */
	public void hasBossNotEqualTo(io.stubbs.truth.generator.testModel.MyEmployee expected) {
		if (!(actual.getBoss().equals(expected))) {
			failWithActual(fact("expected Boss NOT to be equal to", expected));
		}
	}
	/**
	 * Simple check for equality for all fields.
	 */
	public void hasBossEqualTo(io.stubbs.truth.generator.testModel.MyEmployee expected) {
		if ((actual.getBoss().equals(expected))) {
			failWithActual(fact("expected Boss to be equal to", expected));
		}
	}
	/**
	 * Returns the Subject for the given field type, so you can chain on other
	 * assertions.
	 */
	public MyEmployeeSubject hasBoss() {
		isNotNull();
		return check("getBoss()").about(myEmployees()).that(actual.getBoss());
	}
	/**
	 * Simple check for equality for all fields.
	 */
	public void hasCardNotEqualTo(io.stubbs.truth.generator.testModel.IdCard expected) {
		if (!(actual.getCard().equals(expected))) {
			failWithActual(fact("expected Card NOT to be equal to", expected));
		}
	}
	/**
	 * Simple check for equality for all fields.
	 */
	public void hasCardEqualTo(io.stubbs.truth.generator.testModel.IdCard expected) {
		if ((actual.getCard().equals(expected))) {
			failWithActual(fact("expected Card to be equal to", expected));
		}
	}
	/**
	 * Returns the Subject for the given field type, so you can chain on other
	 * assertions.
	 */
	public IdCardSubject hasCard() {
		isNotNull();
		return check("getCard()").about(idCards()).that(actual.getCard());
	}
	/**
	 * Simple check for equality for all fields.
	 */
	public void hasEmploymentStateNotEqualTo(State expected) {
		if (!(actual.getEmploymentState().equals(expected))) {
			failWithActual(fact("expected EmploymentState NOT to be equal to", expected));
		}
	}
	/**
	 * Simple check for equality for all fields.
	 */
	public void hasEmploymentStateEqualTo(io.stubbs.truth.generator.testModel.MyEmployee.State expected) {
		if ((actual.getEmploymentState().equals(expected))) {
			failWithActual(fact("expected EmploymentState to be equal to", expected));
		}
	}
	/**
	 * Returns the Subject for the given field type, so you can chain on other
	 * assertions.
	 */
	public StateSubject hasEmploymentState() {
		isNotNull();
		return check("getEmploymentState()").about(states()).that(actual.getEmploymentState());
	}
	/**
	 * Simple check for equality for all fields.
	 */
	public void hasIdNotEqualTo(UUID expected) {
		if (!(actual.getId().equals(expected))) {
			failWithActual(fact("expected Id NOT to be equal to", expected));
		}
	}
	/**
	 * Simple check for equality for all fields.
	 */
	public void hasIdEqualTo(java.util.UUID expected) {
		if ((actual.getId().equals(expected))) {
			failWithActual(fact("expected Id to be equal to", expected));
		}
	}
	/**
	 * Returns the Subject for the given field type, so you can chain on other
	 * assertions.
	 */
	public UUIDSubject hasId() {
		isNotNull();
		return check("getId()").about(uUIDs()).that(actual.getId());
	}
	/**
	 * Simple check for equality for all fields.
	 */
	public void hasIntArrayNotEqualTo(int[] expected) {
		if (!(actual.getIntArray().equals(expected))) {
			failWithActual(fact("expected IntArray NOT to be equal to", expected));
		}
	}
	/**
	 * Simple check for equality for all fields.
	 */
	public void hasIntArrayEqualTo(int[] expected) {
		if ((actual.getIntArray().equals(expected))) {
			failWithActual(fact("expected IntArray to be equal to", expected));
		}
	}
	/**
	 * Returns the Subject for the given field type, so you can chain on other
	 * assertions.
	 */
	public ObjectArraySubject hasIntArray() {
		isNotNull();
		return check("getIntArray()").that(actual.getIntArray());
	}
	/**
	 * Simple check for equality for all fields.
	 */
	public void hasNameNotEqualTo(java.lang.String expected) {
		if (!(actual.getName().equals(expected))) {
			failWithActual(fact("expected Name NOT to be equal to", expected));
		}
	}
	/**
	 * Simple check for equality for all fields.
	 */
	public void hasNameEqualTo(java.lang.String expected) {
		if ((actual.getName().equals(expected))) {
			failWithActual(fact("expected Name to be equal to", expected));
		}
	}
	/**
	 * Returns the Subject for the given field type, so you can chain on other
	 * assertions.
	 */
	public MyStringSubject hasName() {
		isNotNull();
		return check("getName()").about(strings()).that(actual.getName());
	}
	/**
	 * Checks if a {@link Project} element is, or is not contained in the
	 * collection.
	 */
	public void hasProjectListNotWithElement(io.stubbs.truth.generator.testModel.Project expected) {
		if (!actual.getProjectList().contains(expected)) {
			failWithActual(fact("expected ProjectList NOT to have element", expected));
		}
	}
	/**
	 * Checks if a {@link Project} element is, or is not contained in the
	 * collection.
	 */
	public void hasProjectListWithElement(io.stubbs.truth.generator.testModel.Project expected) {
		if (actual.getProjectList().contains(expected)) {
			failWithActual(fact("expected ProjectList to have element", expected));
		}
	}
	/**
	 * Simple check for equality for all fields.
	 */
	public void hasProjectListNotEqualTo(List expected) {
		if (!(actual.getProjectList().equals(expected))) {
			failWithActual(fact("expected ProjectList NOT to be equal to", expected));
		}
	}
	/**
	 * Simple check for equality for all fields.
	 */
	public void hasProjectListEqualTo(java.util.List expected) {
		if ((actual.getProjectList().equals(expected))) {
			failWithActual(fact("expected ProjectList to be equal to", expected));
		}
	}
	/**
	 * Returns the Subject for the given field type, so you can chain on other
	 * assertions.
	 */
	public IterableSubject hasProjectList() {
		isNotNull();
		return check("getProjectList()").that(actual.getProjectList());
	}
	/**
	 * Check Maps for containing a given {@link String} key.
	 */
	public void hasProjectMapNotWithKey(java.lang.String expected) {
		if (!actual.getProjectMap().containsKey(expected)) {
			failWithActual(fact("expected ProjectMap NOT to have key", expected));
		}
	}
	/**
	 * Check Maps for containing a given {@link String} key.
	 */
	public void hasProjectMapWithKey(java.lang.String expected) {
		if (actual.getProjectMap().containsKey(expected)) {
			failWithActual(fact("expected ProjectMap to have key", expected));
		}
	}
	/**
	 * Simple check for equality for all fields.
	 */
	public void hasProjectMapNotEqualTo(Map expected) {
		if (!(actual.getProjectMap().equals(expected))) {
			failWithActual(fact("expected ProjectMap NOT to be equal to", expected));
		}
	}
	/**
	 * Simple check for equality for all fields.
	 */
	public void hasProjectMapEqualTo(java.util.Map expected) {
		if ((actual.getProjectMap().equals(expected))) {
			failWithActual(fact("expected ProjectMap to be equal to", expected));
		}
	}
	/**
	 * Returns the Subject for the given field type, so you can chain on other
	 * assertions.
	 */
	public MyMapSubject hasProjectMap() {
		isNotNull();
		return check("getProjectMap()").about(maps()).that(actual.getProjectMap());
	}
	/**
	 * Simple check for equality for all fields.
	 */
	public void hasSomeLongAspectNotEqualTo(long expected) {
		if (!(actual.getSomeLongAspect() == expected)) {
			failWithActual(fact("expected SomeLongAspect NOT to be equal to", expected));
		}
	}
	/**
	 * Simple check for equality for all fields.
	 */
	public void hasSomeLongAspectEqualTo(long expected) {
		if ((actual.getSomeLongAspect() == expected)) {
			failWithActual(fact("expected SomeLongAspect to be equal to", expected));
		}
	}
	/**
	 * Returns the Subject for the given field type, so you can chain on other
	 * assertions.
	 */
	public LongSubject hasSomeLongAspect() {
		isNotNull();
		return check("getSomeLongAspect()").that(actual.getSomeLongAspect());
	}
	/**
	 * Checks Optional fields for presence.
	 */
	public void hasWeightingNotPresent() {
		if (!actual.getWeighting().isPresent()) {
			failWithActual(simpleFact("expected Weighting NOT to be present"));
		}
	}
	/**
	 * Checks Optional fields for presence.
	 */
	public void hasWeightingPresent() {
		if (actual.getWeighting().isPresent()) {
			failWithActual(simpleFact("expected Weighting to be present"));
		}
	}
	/**
	 * Simple check for equality for all fields.
	 */
	public void hasWeightingNotEqualTo(Optional expected) {
		if (!(actual.getWeighting().equals(expected))) {
			failWithActual(fact("expected Weighting NOT to be equal to", expected));
		}
	}
	/**
	 * Simple check for equality for all fields.
	 */
	public void hasWeightingEqualTo(java.util.Optional expected) {
		if ((actual.getWeighting().equals(expected))) {
			failWithActual(fact("expected Weighting to be equal to", expected));
		}
	}
	/**
	 * Returns the Subject for the given field type, so you can chain on other
	 * assertions.
	 */
	public OptionalSubject hasWeighting() {
		isNotNull();
		return check("getWeighting()").about(optionals()).that(actual.getWeighting());
	}
	/**
	 * Simple check for equality for all fields.
	 */
	public void hasWorkNickNameNotEqualTo(java.lang.String expected) {
		if (!(actual.getWorkNickName().equals(expected))) {
			failWithActual(fact("expected WorkNickName NOT to be equal to", expected));
		}
	}
	/**
	 * Simple check for equality for all fields.
	 */
	public void hasWorkNickNameEqualTo(java.lang.String expected) {
		if ((actual.getWorkNickName().equals(expected))) {
			failWithActual(fact("expected WorkNickName to be equal to", expected));
		}
	}
	/**
	 * Returns the Subject for the given field type, so you can chain on other
	 * assertions.
	 */
	public MyStringSubject hasWorkNickName() {
		isNotNull();
		return check("getWorkNickName()").about(strings()).that(actual.getWorkNickName());
	}
	/**
	 * Simple is or is not expectation for boolean fields.
	 */
	public void isEmployed() {
		if (actual.isEmployed()) {
			failWithActual(simpleFact("expected to be Employed"));
		}
	}
	/**
	 * Simple is or is not expectation for boolean fields.
	 */
	public void isNotEmployed() {
		if (!actual.isEmployed()) {
			failWithActual(simpleFact("expected NOT to be Employed"));
		}
	}
	/**
	 * Returns the Subject for the given field type, so you can chain on other
	 * assertions.
	 */
	public BooleanSubject hasEmployed() {
		isNotNull();
		return check("isEmployed()").that(actual.isEmployed());
	}
	/**
	 * Simple is or is not expectation for boolean fields.
	 */
	public void isEmployedWrapped() {
		if (actual.isEmployedWrapped()) {
			failWithActual(simpleFact("expected to be EmployedWrapped"));
		}
	}
	/**
	 * Simple is or is not expectation for boolean fields.
	 */
	public void isNotEmployedWrapped() {
		if (!actual.isEmployedWrapped()) {
			failWithActual(simpleFact("expected NOT to be EmployedWrapped"));
		}
	}
	/**
	 * Returns the Subject for the given field type, so you can chain on other
	 * assertions.
	 */
	public BooleanSubject hasEmployedWrapped() {
		isNotNull();
		return check("isEmployedWrapped()").that(actual.isEmployedWrapped());
	}
	/**
	 * Returns the Subject for the given field type, so you can chain on other
	 * assertions.
	 */
	public ObjectArraySubject hasToStateArray() {
		isNotNull();
		return check("toStateArray()").that(actual.toStateArray());
	}
	/**
	 * Returns the Subject for the given field type, so you can chain on other
	 * assertions.
	 */
	public ObjectArraySubject hasToProjectObjectArray() {
		isNotNull();
		return check("toProjectObjectArray()").that(actual.toProjectObjectArray());
	}
	/**
	 * Returns the Subject for the given field type, so you can chain on other
	 * assertions.
	 */
	public PersonSubject hasToPlainPerson() {
		isNotNull();
		return check("toPlainPerson()").about(persons()).that(actual.toPlainPerson());
	}
}