package io.stubbs.truth.generator.testModel;
import io.stubbs.truth.generator.testModel.MyEmployeeParentSubject;
import com.google.common.truth.FailureMetadata;
import io.stubbs.truth.generator.UserManagedTruth;
import io.stubbs.truth.generator.testModel.MyEmployee;
import javax.annotation.processing.Generated;
/**
 * Optionally move this class into source control, and add your custom
 * assertions here.
 *
 * <p>
 * If the system detects this class already exists, it won't attempt to generate
 * a new one. Note that if the base skeleton of this class ever changes, you
 * won't automatically get it updated.
 *
 * @see MyEmployee
 * @see MyEmployeeParentSubject
 */
@UserManagedTruth(MyEmployee.class)
@Generated(value = "io.stubbs.truth.generator.internal.TruthGenerator", date = "1970-01-01T00:00:00Z")
public class MyEmployeeSubject extends MyEmployeeParentSubject {
	protected MyEmployeeSubject(FailureMetadata failureMetadata,
			io.stubbs.truth.generator.testModel.MyEmployee actual) {
		super(failureMetadata, actual);
	}
	/**
	 * Returns an assertion builder for a {@link MyEmployee} class.
	 */
	public static Factory<MyEmployeeSubject, MyEmployee> myEmployees() {
		return MyEmployeeSubject::new;
	}
}
